2026-05-08 14:38:02,766 - httpx - INFO - HTTP Request: POST https://api.telegram.org/bot8733969922:AAGOFd6S-S5uwV2tXSsIF_zMs_YtCpccG44/getMe "HTTP/1.1 200 OK"
2026-05-08 14:38:02,862 - httpx - INFO - HTTP Request: POST https://api.telegram.org/bot8733969922:AAGOFd6S-S5uwV2tXSsIF_zMs_YtCpccG44/deleteWebhook "HTTP/1.1 200 OK"
2026-05-08 14:38:02,864 - apscheduler.scheduler - INFO - Scheduler started
2026-05-08 14:38:02,865 - telegram.ext.Application - INFO - Application started
2026-05-08 14:38:12,334 - httpx - INFO - HTTP Request: POST https://api.telegram.org/bot8733969922:AAGOFd6S-S5uwV2tXSsIF_zMs_YtCpccG44/getUpdates "HTTP/1.1 200 OK"
2026-05-08 14:38:13,129 - httpx - INFO - HTTP Request: POST https://api.telegram.org/bot8733969922:AAGOFd6S-S5uwV2tXSsIF_zMs_YtCpccG44/sendPhoto "HTTP/1.1 200 OK"
2026-05-08 14:38:14,180 - httpx - INFO - HTTP Request: POST https://api.telegram.org/bot8733969922:AAGOFd6S-S5uwV2tXSsIF_zMs_YtCpccG44/getUpdates "HTTP/1.1 200 OK"
2026-05-08 14:38:14,302 - httpx - INFO - HTTP Request: POST https://api.telegram.org/bot8733969922:AAGOFd6S-S5uwV2tXSsIF_zMs_YtCpccG44/answerCallbackQuery "HTTP/1.1 200 OK"
2026-05-08 14:38:14,428 - httpx - INFO - HTTP Request: POST https://api.telegram.org/bot8733969922:AAGOFd6S-S5uwV2tXSsIF_zMs_YtCpccG44/editMessageCaption "HTTP/1.1 200 OK"
2026-05-08 14:38:16,328 - httpx - INFO - HTTP Request: POST https://api.telegram.org/bot8733969922:AAGOFd6S-S5uwV2tXSsIF_zMs_YtCpccG44/getUpdates "HTTP/1.1 200 OK"
2026-05-08 14:38:16,433 - httpx - INFO - HTTP Request: POST https://api.telegram.org/bot8733969922:AAGOFd6S-S5uwV2tXSsIF_zMs_YtCpccG44/answerCallbackQuery "HTTP/1.1 200 OK"
2026-05-08 14:38:16,552 - httpx - INFO - HTTP Request: POST https://api.telegram.org/bot8733969922:AAGOFd6S-S5uwV2tXSsIF_zMs_YtCpccG44/editMessageCaption "HTTP/1.1 200 OK"
2026-05-08 14:38:20,539 - httpx - INFO - HTTP Request: POST https://api.telegram.org/bot8733969922:AAGOFd6S-S5uwV2tXSsIF_zMs_YtCpccG44/getUpdates "HTTP/1.1 200 OK"
2026-05-08 14:38:20,646 - httpx - INFO - HTTP Request: POST https://api.telegram.org/bot8733969922:AAGOFd6S-S5uwV2tXSsIF_zMs_YtCpccG44/answerCallbackQuery "HTTP/1.1 200 OK"
2026-05-08 14:38:20,763 - httpx - INFO - HTTP Request: POST https://api.telegram.org/bot8733969922:AAGOFd6S-S5uwV2tXSsIF_zMs_YtCpccG44/editMessageCaption "HTTP/1.1 200 OK"
2026-05-08 14:38:22,963 - httpx - INFO - HTTP Request: POST https://api.telegram.org/bot8733969922:AAGOFd6S-S5uwV2tXSsIF_zMs_YtCpccG44/getUpdates "HTTP/1.1 200 OK"
2026-05-08 14:38:23,068 - httpx - INFO - HTTP Request: POST https://api.telegram.org/bot8733969922:AAGOFd6S-S5uwV2tXSsIF_zMs_YtCpccG44/answerCallbackQuery "HTTP/1.1 200 OK"
2026-05-08 14:38:23,188 - httpx - INFO - HTTP Request: POST https://api.telegram.org/bot8733969922:AAGOFd6S-S5uwV2tXSsIF_zMs_YtCpccG44/editMessageCaption "HTTP/1.1 200 OK"
2026-05-08 14:38:33,054 - httpx - INFO - HTTP Request: POST https://api.telegram.org/bot8733969922:AAGOFd6S-S5uwV2tXSsIF_zMs_YtCpccG44/getUpdates "HTTP/1.1 200 OK"
2026-05-08 14:38:43,146 - httpx - INFO - HTTP Request: POST https://api.telegram.org/bot8733969922:AAGOFd6S-S5uwV2tXSsIF_zMs_YtCpccG44/getUpdates "HTTP/1.1 200 OK"
2026-05-08 14:38:53,256 - httpx - INFO - HTTP Request: POST https://api.telegram.org/bot8733969922:AAGOFd6S-S5uwV2tXSsIF_zMs_YtCpccG44/getUpdates "HTTP/1.1 200 OK"
2026-05-08 14:39:03,372 - httpx - INFO - HTTP Request: POST https://api.telegram.org/bot8733969922:AAGOFd6S-S5uwV2tXSsIF_zMs_YtCpccG44/getUpdates "HTTP/1.1 200 OK"
2026-05-08 14:39:13,497 - httpx - INFO - HTTP Request: POST https://api.telegram.org/bot8733969922:AAGOFd6S-S5uwV2tXSsIF_zMs_YtCpccG44/getUpdates "HTTP/1.1 200 OK"
2026-05-08 14:39:23,613 - httpx - INFO - HTTP Request: POST https://api.telegram.org/bot8733969922:AAGOFd6S-S5uwV2tXSsIF_zMs_YtCpccG44/getUpdates "HTTP/1.1 200 OK"
