2026-05-10 20:22:51,885 - httpx - INFO - HTTP Request: POST https://api.telegram.org/bot8733969922:AAGOFd6S-S5uwV2tXSsIF_zMs_YtCpccG44/getMe "HTTP/1.1 200 OK"
2026-05-10 20:22:52,006 - httpx - INFO - HTTP Request: POST https://api.telegram.org/bot8733969922:AAGOFd6S-S5uwV2tXSsIF_zMs_YtCpccG44/deleteWebhook "HTTP/1.1 200 OK"
2026-05-10 20:22:52,008 - apscheduler.scheduler - INFO - Scheduler started
2026-05-10 20:22:52,009 - telegram.ext.Application - INFO - Application started
2026-05-10 20:22:52,310 - httpx - INFO - HTTP Request: POST https://api.telegram.org/bot8733969922:AAGOFd6S-S5uwV2tXSsIF_zMs_YtCpccG44/getUpdates "HTTP/1.1 200 OK"
2026-05-10 20:22:52,430 - httpx - INFO - HTTP Request: POST https://api.telegram.org/bot8733969922:AAGOFd6S-S5uwV2tXSsIF_zMs_YtCpccG44/answerCallbackQuery "HTTP/1.1 200 OK"
2026-05-10 20:22:52,548 - httpx - INFO - HTTP Request: POST https://api.telegram.org/bot8733969922:AAGOFd6S-S5uwV2tXSsIF_zMs_YtCpccG44/editMessageCaption "HTTP/1.1 200 OK"
2026-05-10 20:22:58,865 - httpx - INFO - HTTP Request: POST https://api.telegram.org/bot8733969922:AAGOFd6S-S5uwV2tXSsIF_zMs_YtCpccG44/getUpdates "HTTP/1.1 200 OK"
2026-05-10 20:22:59,158 - httpx - INFO - HTTP Request: POST https://api.telegram.org/bot8733969922:AAGOFd6S-S5uwV2tXSsIF_zMs_YtCpccG44/answerCallbackQuery "HTTP/1.1 200 OK"
2026-05-10 20:22:59,708 - httpx - INFO - HTTP Request: GET https://muzragvcxjgycnvvtevl.supabase.co/rest/v1/Users?select=is_active%2Csubscription_ends%2Cvpn_key%2Cavailable_devices&id=eq.857124130 "HTTP/2 200 OK"
2026-05-10 20:22:59,846 - httpx - INFO - HTTP Request: POST https://api.telegram.org/bot8733969922:AAGOFd6S-S5uwV2tXSsIF_zMs_YtCpccG44/editMessageCaption "HTTP/1.1 200 OK"
2026-05-10 20:23:09,022 - httpx - INFO - HTTP Request: POST https://api.telegram.org/bot8733969922:AAGOFd6S-S5uwV2tXSsIF_zMs_YtCpccG44/getUpdates "HTTP/1.1 200 OK"
2026-05-10 20:23:11,210 - httpx - INFO - HTTP Request: POST https://api.telegram.org/bot8733969922:AAGOFd6S-S5uwV2tXSsIF_zMs_YtCpccG44/getUpdates "HTTP/1.1 200 OK"
2026-05-10 20:23:11,499 - httpx - INFO - HTTP Request: POST https://api.telegram.org/bot8733969922:AAGOFd6S-S5uwV2tXSsIF_zMs_YtCpccG44/answerCallbackQuery "HTTP/1.1 200 OK"
2026-05-10 20:23:11,626 - httpx - INFO - HTTP Request: POST https://api.telegram.org/bot8733969922:AAGOFd6S-S5uwV2tXSsIF_zMs_YtCpccG44/editMessageCaption "HTTP/1.1 200 OK"
2026-05-10 20:23:12,793 - httpx - INFO - HTTP Request: POST https://api.telegram.org/bot8733969922:AAGOFd6S-S5uwV2tXSsIF_zMs_YtCpccG44/getUpdates "HTTP/1.1 200 OK"
2026-05-10 20:23:12,955 - httpx - INFO - HTTP Request: POST https://api.telegram.org/bot8733969922:AAGOFd6S-S5uwV2tXSsIF_zMs_YtCpccG44/answerCallbackQuery "HTTP/1.1 200 OK"
2026-05-10 20:23:13,094 - httpx - INFO - HTTP Request: POST https://api.telegram.org/bot8733969922:AAGOFd6S-S5uwV2tXSsIF_zMs_YtCpccG44/editMessageCaption "HTTP/1.1 200 OK"
2026-05-10 20:23:14,713 - httpx - INFO - HTTP Request: POST https://api.telegram.org/bot8733969922:AAGOFd6S-S5uwV2tXSsIF_zMs_YtCpccG44/getUpdates "HTTP/1.1 200 OK"
2026-05-10 20:23:14,833 - httpx - INFO - HTTP Request: POST https://api.telegram.org/bot8733969922:AAGOFd6S-S5uwV2tXSsIF_zMs_YtCpccG44/answerCallbackQuery "HTTP/1.1 200 OK"
2026-05-10 20:23:14,959 - httpx - INFO - HTTP Request: POST https://api.telegram.org/bot8733969922:AAGOFd6S-S5uwV2tXSsIF_zMs_YtCpccG44/editMessageCaption "HTTP/1.1 200 OK"
2026-05-10 20:23:17,416 - httpx - INFO - HTTP Request: POST https://api.telegram.org/bot8733969922:AAGOFd6S-S5uwV2tXSsIF_zMs_YtCpccG44/getUpdates "HTTP/1.1 200 OK"
2026-05-10 20:23:17,533 - httpx - INFO - HTTP Request: POST https://api.telegram.org/bot8733969922:AAGOFd6S-S5uwV2tXSsIF_zMs_YtCpccG44/answerCallbackQuery "HTTP/1.1 200 OK"
2026-05-10 20:23:17,666 - httpx - INFO - HTTP Request: POST https://api.telegram.org/bot8733969922:AAGOFd6S-S5uwV2tXSsIF_zMs_YtCpccG44/editMessageCaption "HTTP/1.1 200 OK"
2026-05-10 20:23:18,396 - httpx - INFO - HTTP Request: POST https://api.telegram.org/bot8733969922:AAGOFd6S-S5uwV2tXSsIF_zMs_YtCpccG44/getUpdates "HTTP/1.1 200 OK"
2026-05-10 20:23:18,515 - httpx - INFO - HTTP Request: POST https://api.telegram.org/bot8733969922:AAGOFd6S-S5uwV2tXSsIF_zMs_YtCpccG44/answerCallbackQuery "HTTP/1.1 200 OK"
2026-05-10 20:23:18,648 - httpx - INFO - HTTP Request: POST https://api.telegram.org/bot8733969922:AAGOFd6S-S5uwV2tXSsIF_zMs_YtCpccG44/editMessageCaption "HTTP/1.1 200 OK"
2026-05-10 20:23:20,039 - httpx - INFO - HTTP Request: POST https://api.telegram.org/bot8733969922:AAGOFd6S-S5uwV2tXSsIF_zMs_YtCpccG44/getUpdates "HTTP/1.1 200 OK"
2026-05-10 20:23:20,172 - httpx - INFO - HTTP Request: POST https://api.telegram.org/bot8733969922:AAGOFd6S-S5uwV2tXSsIF_zMs_YtCpccG44/answerCallbackQuery "HTTP/1.1 200 OK"
2026-05-10 20:23:20,314 - httpx - INFO - HTTP Request: POST https://api.telegram.org/bot8733969922:AAGOFd6S-S5uwV2tXSsIF_zMs_YtCpccG44/editMessageCaption "HTTP/1.1 200 OK"
2026-05-10 20:23:21,237 - httpx - INFO - HTTP Request: POST https://api.telegram.org/bot8733969922:AAGOFd6S-S5uwV2tXSsIF_zMs_YtCpccG44/getUpdates "HTTP/1.1 200 OK"
2026-05-10 20:23:21,357 - httpx - INFO - HTTP Request: POST https://api.telegram.org/bot8733969922:AAGOFd6S-S5uwV2tXSsIF_zMs_YtCpccG44/answerCallbackQuery "HTTP/1.1 200 OK"
2026-05-10 20:23:21,661 - httpx - INFO - HTTP Request: POST https://api.yookassa.ru/v3/payments "HTTP/1.1 200 "
2026-05-10 20:23:21,788 - httpx - INFO - HTTP Request: POST https://api.telegram.org/bot8733969922:AAGOFd6S-S5uwV2tXSsIF_zMs_YtCpccG44/editMessageCaption "HTTP/1.1 200 OK"
2026-05-10 20:23:21,793 - apscheduler.scheduler - INFO - Added job "delayed_pay_menu" to job store "default"
2026-05-10 20:23:23,292 - apscheduler.scheduler - INFO - Removed job 724a1721f9604310ad1bb4c0e6c35930
2026-05-10 20:23:23,292 - apscheduler.executors.default - INFO - Running job "delayed_pay_menu (trigger: date[2026-05-10 15:23:23 UTC], next run at: 2026-05-10 15:23:23 UTC)" (scheduled at 2026-05-10 15:23:23.290886+00:00)
2026-05-10 20:23:23,417 - httpx - INFO - HTTP Request: POST https://api.telegram.org/bot8733969922:AAGOFd6S-S5uwV2tXSsIF_zMs_YtCpccG44/editMessageCaption "HTTP/1.1 200 OK"
2026-05-10 20:23:23,419 - apscheduler.executors.default - INFO - Job "delayed_pay_menu (trigger: date[2026-05-10 15:23:23 UTC], next run at: 2026-05-10 15:23:23 UTC)" executed successfully
2026-05-10 20:23:24,834 - httpx - INFO - HTTP Request: POST https://api.telegram.org/bot8733969922:AAGOFd6S-S5uwV2tXSsIF_zMs_YtCpccG44/getUpdates "HTTP/1.1 200 OK"
2026-05-10 20:23:24,951 - httpx - INFO - HTTP Request: POST https://api.telegram.org/bot8733969922:AAGOFd6S-S5uwV2tXSsIF_zMs_YtCpccG44/answerCallbackQuery "HTTP/1.1 200 OK"
2026-05-10 20:23:25,078 - httpx - INFO - HTTP Request: POST https://api.telegram.org/bot8733969922:AAGOFd6S-S5uwV2tXSsIF_zMs_YtCpccG44/editMessageCaption "HTTP/1.1 200 OK"
2026-05-10 20:23:34,953 - httpx - INFO - HTTP Request: POST https://api.telegram.org/bot8733969922:AAGOFd6S-S5uwV2tXSsIF_zMs_YtCpccG44/getUpdates "HTTP/1.1 200 OK"
2026-05-10 20:23:45,065 - httpx - INFO - HTTP Request: POST https://api.telegram.org/bot8733969922:AAGOFd6S-S5uwV2tXSsIF_zMs_YtCpccG44/getUpdates "HTTP/1.1 200 OK"
2026-05-10 20:23:55,183 - httpx - INFO - HTTP Request: POST https://api.telegram.org/bot8733969922:AAGOFd6S-S5uwV2tXSsIF_zMs_YtCpccG44/getUpdates "HTTP/1.1 200 OK"
2026-05-10 20:23:55,863 - httpx - INFO - HTTP Request: POST https://api.telegram.org/bot8733969922:AAGOFd6S-S5uwV2tXSsIF_zMs_YtCpccG44/answerCallbackQuery "HTTP/1.1 200 OK"
2026-05-10 20:23:56,070 - httpx - INFO - HTTP Request: POST https://api.yookassa.ru/v3/payments "HTTP/1.1 200 "
2026-05-10 20:23:56,256 - httpx - INFO - HTTP Request: POST https://api.telegram.org/bot8733969922:AAGOFd6S-S5uwV2tXSsIF_zMs_YtCpccG44/editMessageCaption "HTTP/1.1 200 OK"
2026-05-10 20:23:56,258 - apscheduler.scheduler - INFO - Added job "delayed_pay_menu" to job store "default"
2026-05-10 20:23:57,758 - apscheduler.scheduler - INFO - Removed job bee5d570eb9440a8bee6ad9ab2630fe5
2026-05-10 20:23:57,758 - apscheduler.executors.default - INFO - Running job "delayed_pay_menu (trigger: date[2026-05-10 15:23:57 UTC], next run at: 2026-05-10 15:23:57 UTC)" (scheduled at 2026-05-10 15:23:57.757382+00:00)
2026-05-10 20:23:57,914 - httpx - INFO - HTTP Request: POST https://api.telegram.org/bot8733969922:AAGOFd6S-S5uwV2tXSsIF_zMs_YtCpccG44/editMessageCaption "HTTP/1.1 200 OK"
2026-05-10 20:23:57,915 - apscheduler.executors.default - INFO - Job "delayed_pay_menu (trigger: date[2026-05-10 15:23:57 UTC], next run at: 2026-05-10 15:23:57 UTC)" executed successfully
2026-05-10 20:24:05,308 - httpx - INFO - HTTP Request: POST https://api.telegram.org/bot8733969922:AAGOFd6S-S5uwV2tXSsIF_zMs_YtCpccG44/getUpdates "HTTP/1.1 200 OK"
2026-05-10 20:24:30,838 - httpx - INFO - HTTP Request: POST https://api.telegram.org/bot8733969922:AAGOFd6S-S5uwV2tXSsIF_zMs_YtCpccG44/getUpdates "HTTP/1.1 200 OK"
2026-05-10 20:24:40,941 - httpx - INFO - HTTP Request: POST https://api.telegram.org/bot8733969922:AAGOFd6S-S5uwV2tXSsIF_zMs_YtCpccG44/getUpdates "HTTP/1.1 200 OK"
2026-05-10 20:24:51,113 - httpx - INFO - HTTP Request: POST https://api.telegram.org/bot8733969922:AAGOFd6S-S5uwV2tXSsIF_zMs_YtCpccG44/getUpdates "HTTP/1.1 200 OK"
2026-05-10 20:25:01,219 - httpx - INFO - HTTP Request: POST https://api.telegram.org/bot8733969922:AAGOFd6S-S5uwV2tXSsIF_zMs_YtCpccG44/getUpdates "HTTP/1.1 200 OK"
2026-05-10 20:25:11,389 - httpx - INFO - HTTP Request: POST https://api.telegram.org/bot8733969922:AAGOFd6S-S5uwV2tXSsIF_zMs_YtCpccG44/getUpdates "HTTP/1.1 200 OK"
2026-05-10 20:25:21,532 - httpx - INFO - HTTP Request: POST https://api.telegram.org/bot8733969922:AAGOFd6S-S5uwV2tXSsIF_zMs_YtCpccG44/getUpdates "HTTP/1.1 200 OK"
2026-05-10 20:25:31,667 - httpx - INFO - HTTP Request: POST https://api.telegram.org/bot8733969922:AAGOFd6S-S5uwV2tXSsIF_zMs_YtCpccG44/getUpdates "HTTP/1.1 200 OK"
2026-05-10 20:25:41,906 - httpx - INFO - HTTP Request: POST https://api.telegram.org/bot8733969922:AAGOFd6S-S5uwV2tXSsIF_zMs_YtCpccG44/getUpdates "HTTP/1.1 200 OK"
2026-05-10 20:25:52,012 - httpx - INFO - HTTP Request: POST https://api.telegram.org/bot8733969922:AAGOFd6S-S5uwV2tXSsIF_zMs_YtCpccG44/getUpdates "HTTP/1.1 200 OK"
2026-05-10 20:26:02,121 - httpx - INFO - HTTP Request: POST https://api.telegram.org/bot8733969922:AAGOFd6S-S5uwV2tXSsIF_zMs_YtCpccG44/getUpdates "HTTP/1.1 200 OK"
2026-05-10 20:26:12,289 - httpx - INFO - HTTP Request: POST https://api.telegram.org/bot8733969922:AAGOFd6S-S5uwV2tXSsIF_zMs_YtCpccG44/getUpdates "HTTP/1.1 200 OK"
2026-05-10 20:26:22,406 - httpx - INFO - HTTP Request: POST https://api.telegram.org/bot8733969922:AAGOFd6S-S5uwV2tXSsIF_zMs_YtCpccG44/getUpdates "HTTP/1.1 200 OK"
2026-05-10 20:26:32,512 - httpx - INFO - HTTP Request: POST https://api.telegram.org/bot8733969922:AAGOFd6S-S5uwV2tXSsIF_zMs_YtCpccG44/getUpdates "HTTP/1.1 200 OK"
2026-05-10 20:26:41,937 - httpx - INFO - HTTP Request: POST https://api.telegram.org/bot8733969922:AAGOFd6S-S5uwV2tXSsIF_zMs_YtCpccG44/getUpdates "HTTP/1.1 200 OK"
2026-05-10 20:26:42,240 - httpx - INFO - HTTP Request: POST https://api.telegram.org/bot8733969922:AAGOFd6S-S5uwV2tXSsIF_zMs_YtCpccG44/answerCallbackQuery "HTTP/1.1 200 OK"
2026-05-10 20:26:42,374 - httpx - INFO - HTTP Request: POST https://api.telegram.org/bot8733969922:AAGOFd6S-S5uwV2tXSsIF_zMs_YtCpccG44/editMessageCaption "HTTP/1.1 200 OK"
2026-05-10 20:26:52,093 - httpx - INFO - HTTP Request: POST https://api.telegram.org/bot8733969922:AAGOFd6S-S5uwV2tXSsIF_zMs_YtCpccG44/getUpdates "HTTP/1.1 200 OK"
2026-05-10 20:27:02,221 - httpx - INFO - HTTP Request: POST https://api.telegram.org/bot8733969922:AAGOFd6S-S5uwV2tXSsIF_zMs_YtCpccG44/getUpdates "HTTP/1.1 200 OK"
2026-05-10 20:27:12,331 - httpx - INFO - HTTP Request: POST https://api.telegram.org/bot8733969922:AAGOFd6S-S5uwV2tXSsIF_zMs_YtCpccG44/getUpdates "HTTP/1.1 200 OK"
2026-05-10 20:27:22,468 - httpx - INFO - HTTP Request: POST https://api.telegram.org/bot8733969922:AAGOFd6S-S5uwV2tXSsIF_zMs_YtCpccG44/getUpdates "HTTP/1.1 200 OK"
2026-05-10 20:27:32,579 - httpx - INFO - HTTP Request: POST https://api.telegram.org/bot8733969922:AAGOFd6S-S5uwV2tXSsIF_zMs_YtCpccG44/getUpdates "HTTP/1.1 200 OK"
2026-05-10 20:27:42,841 - httpx - INFO - HTTP Request: POST https://api.telegram.org/bot8733969922:AAGOFd6S-S5uwV2tXSsIF_zMs_YtCpccG44/getUpdates "HTTP/1.1 200 OK"
2026-05-10 20:27:52,959 - httpx - INFO - HTTP Request: POST https://api.telegram.org/bot8733969922:AAGOFd6S-S5uwV2tXSsIF_zMs_YtCpccG44/getUpdates "HTTP/1.1 200 OK"
2026-05-10 20:28:03,122 - httpx - INFO - HTTP Request: POST https://api.telegram.org/bot8733969922:AAGOFd6S-S5uwV2tXSsIF_zMs_YtCpccG44/getUpdates "HTTP/1.1 200 OK"
2026-05-10 20:28:13,234 - httpx - INFO - HTTP Request: POST https://api.telegram.org/bot8733969922:AAGOFd6S-S5uwV2tXSsIF_zMs_YtCpccG44/getUpdates "HTTP/1.1 200 OK"
2026-05-10 20:28:23,347 - httpx - INFO - HTTP Request: POST https://api.telegram.org/bot8733969922:AAGOFd6S-S5uwV2tXSsIF_zMs_YtCpccG44/getUpdates "HTTP/1.1 200 OK"
2026-05-10 20:28:33,532 - httpx - INFO - HTTP Request: POST https://api.telegram.org/bot8733969922:AAGOFd6S-S5uwV2tXSsIF_zMs_YtCpccG44/getUpdates "HTTP/1.1 200 OK"
2026-05-10 20:28:36,122 - httpx - INFO - HTTP Request: POST https://api.telegram.org/bot8733969922:AAGOFd6S-S5uwV2tXSsIF_zMs_YtCpccG44/getUpdates "HTTP/1.1 200 OK"
2026-05-10 20:28:36,410 - httpx - INFO - HTTP Request: POST https://api.telegram.org/bot8733969922:AAGOFd6S-S5uwV2tXSsIF_zMs_YtCpccG44/answerCallbackQuery "HTTP/1.1 200 OK"
2026-05-10 20:28:36,536 - httpx - INFO - HTTP Request: POST https://api.telegram.org/bot8733969922:AAGOFd6S-S5uwV2tXSsIF_zMs_YtCpccG44/editMessageCaption "HTTP/1.1 200 OK"
2026-05-10 20:28:39,785 - httpx - INFO - HTTP Request: POST https://api.telegram.org/bot8733969922:AAGOFd6S-S5uwV2tXSsIF_zMs_YtCpccG44/getUpdates "HTTP/1.1 200 OK"
2026-05-10 20:28:39,787 - root - INFO - DEBUG: Start handler triggered by user 857124130 (P777MP77)
2026-05-10 20:28:40,323 - httpx - INFO - HTTP Request: POST https://muzragvcxjgycnvvtevl.supabase.co/rest/v1/Users "HTTP/2 200 OK"
2026-05-10 20:28:40,578 - httpx - INFO - HTTP Request: POST https://api.telegram.org/bot8733969922:AAGOFd6S-S5uwV2tXSsIF_zMs_YtCpccG44/sendPhoto "HTTP/1.1 200 OK"
2026-05-10 20:28:40,580 - root - INFO - DEBUG: Start took 0.79s
2026-05-10 20:28:42,306 - httpx - INFO - HTTP Request: POST https://api.telegram.org/bot8733969922:AAGOFd6S-S5uwV2tXSsIF_zMs_YtCpccG44/getUpdates "HTTP/1.1 200 OK"
2026-05-10 20:28:42,422 - httpx - INFO - HTTP Request: POST https://api.telegram.org/bot8733969922:AAGOFd6S-S5uwV2tXSsIF_zMs_YtCpccG44/answerCallbackQuery "HTTP/1.1 200 OK"
2026-05-10 20:28:42,562 - httpx - INFO - HTTP Request: POST https://api.telegram.org/bot8733969922:AAGOFd6S-S5uwV2tXSsIF_zMs_YtCpccG44/editMessageCaption "HTTP/1.1 200 OK"
2026-05-10 20:28:43,658 - httpx - INFO - HTTP Request: POST https://api.telegram.org/bot8733969922:AAGOFd6S-S5uwV2tXSsIF_zMs_YtCpccG44/getUpdates "HTTP/1.1 200 OK"
2026-05-10 20:28:43,791 - httpx - INFO - HTTP Request: POST https://api.telegram.org/bot8733969922:AAGOFd6S-S5uwV2tXSsIF_zMs_YtCpccG44/answerCallbackQuery "HTTP/1.1 200 OK"
2026-05-10 20:28:44,033 - httpx - INFO - HTTP Request: POST https://api.yookassa.ru/v3/payments "HTTP/1.1 200 "
2026-05-10 20:28:44,219 - httpx - INFO - HTTP Request: POST https://api.telegram.org/bot8733969922:AAGOFd6S-S5uwV2tXSsIF_zMs_YtCpccG44/editMessageCaption "HTTP/1.1 200 OK"
2026-05-10 20:28:44,223 - apscheduler.scheduler - INFO - Added job "delayed_pay_menu" to job store "default"
2026-05-10 20:28:45,722 - apscheduler.scheduler - INFO - Removed job 855f37d34afe45da969263709f1295b9
2026-05-10 20:28:45,723 - apscheduler.executors.default - INFO - Running job "delayed_pay_menu (trigger: date[2026-05-10 15:28:45 UTC], next run at: 2026-05-10 15:28:45 UTC)" (scheduled at 2026-05-10 15:28:45.720965+00:00)
2026-05-10 20:28:45,853 - httpx - INFO - HTTP Request: POST https://api.telegram.org/bot8733969922:AAGOFd6S-S5uwV2tXSsIF_zMs_YtCpccG44/editMessageCaption "HTTP/1.1 200 OK"
2026-05-10 20:28:45,855 - apscheduler.executors.default - INFO - Job "delayed_pay_menu (trigger: date[2026-05-10 15:28:45 UTC], next run at: 2026-05-10 15:28:45 UTC)" executed successfully
2026-05-10 20:28:50,478 - httpx - INFO - HTTP Request: POST https://api.telegram.org/bot8733969922:AAGOFd6S-S5uwV2tXSsIF_zMs_YtCpccG44/getUpdates "HTTP/1.1 200 OK"
2026-05-10 20:28:50,591 - httpx - INFO - HTTP Request: POST https://api.telegram.org/bot8733969922:AAGOFd6S-S5uwV2tXSsIF_zMs_YtCpccG44/answerCallbackQuery "HTTP/1.1 200 OK"
2026-05-10 20:28:50,712 - httpx - INFO - HTTP Request: POST https://api.telegram.org/bot8733969922:AAGOFd6S-S5uwV2tXSsIF_zMs_YtCpccG44/editMessageCaption "HTTP/1.1 200 OK"
2026-05-10 20:28:52,063 - httpx - INFO - HTTP Request: POST https://api.telegram.org/bot8733969922:AAGOFd6S-S5uwV2tXSsIF_zMs_YtCpccG44/getUpdates "HTTP/1.1 200 OK"
2026-05-10 20:28:52,199 - httpx - INFO - HTTP Request: POST https://api.telegram.org/bot8733969922:AAGOFd6S-S5uwV2tXSsIF_zMs_YtCpccG44/answerCallbackQuery "HTTP/1.1 200 OK"
2026-05-10 20:28:52,334 - httpx - INFO - HTTP Request: POST https://api.telegram.org/bot8733969922:AAGOFd6S-S5uwV2tXSsIF_zMs_YtCpccG44/editMessageCaption "HTTP/1.1 200 OK"
2026-05-10 20:28:53,316 - httpx - INFO - HTTP Request: POST https://api.telegram.org/bot8733969922:AAGOFd6S-S5uwV2tXSsIF_zMs_YtCpccG44/getUpdates "HTTP/1.1 200 OK"
2026-05-10 20:28:53,430 - httpx - INFO - HTTP Request: POST https://api.telegram.org/bot8733969922:AAGOFd6S-S5uwV2tXSsIF_zMs_YtCpccG44/answerCallbackQuery "HTTP/1.1 200 OK"
2026-05-10 20:28:53,577 - httpx - INFO - HTTP Request: POST https://api.telegram.org/bot8733969922:AAGOFd6S-S5uwV2tXSsIF_zMs_YtCpccG44/editMessageCaption "HTTP/1.1 200 OK"
2026-05-10 20:28:54,566 - httpx - INFO - HTTP Request: POST https://api.telegram.org/bot8733969922:AAGOFd6S-S5uwV2tXSsIF_zMs_YtCpccG44/getUpdates "HTTP/1.1 200 OK"
2026-05-10 20:28:54,676 - httpx - INFO - HTTP Request: POST https://api.telegram.org/bot8733969922:AAGOFd6S-S5uwV2tXSsIF_zMs_YtCpccG44/answerCallbackQuery "HTTP/1.1 200 OK"
2026-05-10 20:28:54,881 - httpx - INFO - HTTP Request: POST https://api.yookassa.ru/v3/payments "HTTP/1.1 200 "
2026-05-10 20:28:55,003 - httpx - INFO - HTTP Request: POST https://api.telegram.org/bot8733969922:AAGOFd6S-S5uwV2tXSsIF_zMs_YtCpccG44/editMessageCaption "HTTP/1.1 200 OK"
2026-05-10 20:28:55,007 - apscheduler.scheduler - INFO - Added job "delayed_pay_menu" to job store "default"
2026-05-10 20:28:56,506 - apscheduler.scheduler - INFO - Removed job 64f4d1f16fa440bf9d8fd11b87d26404
2026-05-10 20:28:56,507 - apscheduler.executors.default - INFO - Running job "delayed_pay_menu (trigger: date[2026-05-10 15:28:56 UTC], next run at: 2026-05-10 15:28:56 UTC)" (scheduled at 2026-05-10 15:28:56.506015+00:00)
2026-05-10 20:28:56,701 - httpx - INFO - HTTP Request: POST https://api.telegram.org/bot8733969922:AAGOFd6S-S5uwV2tXSsIF_zMs_YtCpccG44/editMessageCaption "HTTP/1.1 200 OK"
2026-05-10 20:28:56,703 - apscheduler.executors.default - INFO - Job "delayed_pay_menu (trigger: date[2026-05-10 15:28:56 UTC], next run at: 2026-05-10 15:28:56 UTC)" executed successfully
2026-05-10 20:29:04,762 - httpx - INFO - HTTP Request: POST https://api.telegram.org/bot8733969922:AAGOFd6S-S5uwV2tXSsIF_zMs_YtCpccG44/getUpdates "HTTP/1.1 200 OK"
2026-05-10 20:29:13,280 - httpx - INFO - HTTP Request: POST https://api.telegram.org/bot8733969922:AAGOFd6S-S5uwV2tXSsIF_zMs_YtCpccG44/getUpdates "HTTP/1.1 200 OK"
2026-05-10 20:29:13,589 - httpx - INFO - HTTP Request: POST https://api.telegram.org/bot8733969922:AAGOFd6S-S5uwV2tXSsIF_zMs_YtCpccG44/answerCallbackQuery "HTTP/1.1 200 OK"
2026-05-10 20:29:13,715 - httpx - INFO - HTTP Request: POST https://api.telegram.org/bot8733969922:AAGOFd6S-S5uwV2tXSsIF_zMs_YtCpccG44/editMessageCaption "HTTP/1.1 200 OK"
2026-05-10 20:29:15,056 - httpx - INFO - HTTP Request: POST https://api.telegram.org/bot8733969922:AAGOFd6S-S5uwV2tXSsIF_zMs_YtCpccG44/getUpdates "HTTP/1.1 200 OK"
2026-05-10 20:29:15,165 - httpx - INFO - HTTP Request: POST https://api.telegram.org/bot8733969922:AAGOFd6S-S5uwV2tXSsIF_zMs_YtCpccG44/answerCallbackQuery "HTTP/1.1 200 OK"
2026-05-10 20:29:15,391 - httpx - INFO - HTTP Request: POST https://api.yookassa.ru/v3/payments "HTTP/1.1 200 "
2026-05-10 20:29:15,514 - httpx - INFO - HTTP Request: POST https://api.telegram.org/bot8733969922:AAGOFd6S-S5uwV2tXSsIF_zMs_YtCpccG44/editMessageCaption "HTTP/1.1 200 OK"
2026-05-10 20:29:15,516 - apscheduler.scheduler - INFO - Added job "delayed_pay_menu" to job store "default"
2026-05-10 20:29:17,017 - apscheduler.scheduler - INFO - Removed job d342eb95d4a3484782ae16e842672006
2026-05-10 20:29:17,018 - apscheduler.executors.default - INFO - Running job "delayed_pay_menu (trigger: date[2026-05-10 15:29:17 UTC], next run at: 2026-05-10 15:29:17 UTC)" (scheduled at 2026-05-10 15:29:17.016373+00:00)
2026-05-10 20:29:17,227 - httpx - INFO - HTTP Request: POST https://api.telegram.org/bot8733969922:AAGOFd6S-S5uwV2tXSsIF_zMs_YtCpccG44/editMessageCaption "HTTP/1.1 200 OK"
2026-05-10 20:29:17,229 - apscheduler.executors.default - INFO - Job "delayed_pay_menu (trigger: date[2026-05-10 15:29:17 UTC], next run at: 2026-05-10 15:29:17 UTC)" executed successfully
2026-05-10 20:29:18,827 - httpx - INFO - HTTP Request: POST https://api.telegram.org/bot8733969922:AAGOFd6S-S5uwV2tXSsIF_zMs_YtCpccG44/getUpdates "HTTP/1.1 200 OK"
2026-05-10 20:29:18,950 - httpx - INFO - HTTP Request: POST https://api.telegram.org/bot8733969922:AAGOFd6S-S5uwV2tXSsIF_zMs_YtCpccG44/answerCallbackQuery "HTTP/1.1 200 OK"
2026-05-10 20:29:19,079 - httpx - INFO - HTTP Request: POST https://api.telegram.org/bot8733969922:AAGOFd6S-S5uwV2tXSsIF_zMs_YtCpccG44/editMessageCaption "HTTP/1.1 200 OK"
2026-05-10 20:29:22,563 - httpx - INFO - HTTP Request: POST https://api.telegram.org/bot8733969922:AAGOFd6S-S5uwV2tXSsIF_zMs_YtCpccG44/getUpdates "HTTP/1.1 200 OK"
2026-05-10 20:29:22,824 - httpx - INFO - HTTP Request: POST https://api.telegram.org/bot8733969922:AAGOFd6S-S5uwV2tXSsIF_zMs_YtCpccG44/answerCallbackQuery "HTTP/1.1 200 OK"
2026-05-10 20:29:23,110 - httpx - INFO - HTTP Request: POST https://api.yookassa.ru/v3/payments "HTTP/1.1 200 "
2026-05-10 20:29:23,282 - httpx - INFO - HTTP Request: POST https://api.telegram.org/bot8733969922:AAGOFd6S-S5uwV2tXSsIF_zMs_YtCpccG44/editMessageCaption "HTTP/1.1 200 OK"
2026-05-10 20:29:23,284 - apscheduler.scheduler - INFO - Added job "delayed_pay_menu" to job store "default"
2026-05-10 20:29:24,785 - apscheduler.scheduler - INFO - Removed job 4c288c4167c7493b9871e4a4e334a997
2026-05-10 20:29:24,785 - apscheduler.executors.default - INFO - Running job "delayed_pay_menu (trigger: date[2026-05-10 15:29:24 UTC], next run at: 2026-05-10 15:29:24 UTC)" (scheduled at 2026-05-10 15:29:24.784170+00:00)
2026-05-10 20:29:24,912 - httpx - INFO - HTTP Request: POST https://api.telegram.org/bot8733969922:AAGOFd6S-S5uwV2tXSsIF_zMs_YtCpccG44/editMessageCaption "HTTP/1.1 200 OK"
2026-05-10 20:29:24,914 - apscheduler.executors.default - INFO - Job "delayed_pay_menu (trigger: date[2026-05-10 15:29:24 UTC], next run at: 2026-05-10 15:29:24 UTC)" executed successfully
2026-05-10 20:29:32,676 - httpx - INFO - HTTP Request: POST https://api.telegram.org/bot8733969922:AAGOFd6S-S5uwV2tXSsIF_zMs_YtCpccG44/getUpdates "HTTP/1.1 200 OK"
2026-05-10 20:29:42,791 - httpx - INFO - HTTP Request: POST https://api.telegram.org/bot8733969922:AAGOFd6S-S5uwV2tXSsIF_zMs_YtCpccG44/getUpdates "HTTP/1.1 200 OK"
2026-05-10 20:29:52,385 - httpx - INFO - HTTP Request: POST https://api.telegram.org/bot8733969922:AAGOFd6S-S5uwV2tXSsIF_zMs_YtCpccG44/getUpdates "HTTP/1.1 200 OK"
2026-05-10 20:29:52,700 - httpx - INFO - HTTP Request: POST https://api.telegram.org/bot8733969922:AAGOFd6S-S5uwV2tXSsIF_zMs_YtCpccG44/answerCallbackQuery "HTTP/1.1 200 OK"
2026-05-10 20:29:52,854 - httpx - INFO - HTTP Request: POST https://api.telegram.org/bot8733969922:AAGOFd6S-S5uwV2tXSsIF_zMs_YtCpccG44/editMessageCaption "HTTP/1.1 200 OK"
2026-05-10 20:29:55,687 - httpx - INFO - HTTP Request: POST https://api.telegram.org/bot8733969922:AAGOFd6S-S5uwV2tXSsIF_zMs_YtCpccG44/getUpdates "HTTP/1.1 200 OK"
2026-05-10 20:29:55,805 - httpx - INFO - HTTP Request: POST https://api.telegram.org/bot8733969922:AAGOFd6S-S5uwV2tXSsIF_zMs_YtCpccG44/answerCallbackQuery "HTTP/1.1 200 OK"
2026-05-10 20:29:56,019 - httpx - INFO - HTTP Request: POST https://api.yookassa.ru/v3/payments "HTTP/1.1 200 "
2026-05-10 20:29:56,143 - httpx - INFO - HTTP Request: POST https://api.telegram.org/bot8733969922:AAGOFd6S-S5uwV2tXSsIF_zMs_YtCpccG44/editMessageCaption "HTTP/1.1 200 OK"
2026-05-10 20:29:56,147 - apscheduler.scheduler - INFO - Added job "delayed_pay_menu" to job store "default"
2026-05-10 20:29:57,647 - apscheduler.scheduler - INFO - Removed job 2ea084c0ecb94b0289dc73a3eb22aa71
2026-05-10 20:29:57,647 - apscheduler.executors.default - INFO - Running job "delayed_pay_menu (trigger: date[2026-05-10 15:29:57 UTC], next run at: 2026-05-10 15:29:57 UTC)" (scheduled at 2026-05-10 15:29:57.645999+00:00)
2026-05-10 20:29:57,859 - httpx - INFO - HTTP Request: POST https://api.telegram.org/bot8733969922:AAGOFd6S-S5uwV2tXSsIF_zMs_YtCpccG44/editMessageCaption "HTTP/1.1 200 OK"
2026-05-10 20:29:57,861 - apscheduler.executors.default - INFO - Job "delayed_pay_menu (trigger: date[2026-05-10 15:29:57 UTC], next run at: 2026-05-10 15:29:57 UTC)" executed successfully
2026-05-10 20:30:05,796 - httpx - INFO - HTTP Request: POST https://api.telegram.org/bot8733969922:AAGOFd6S-S5uwV2tXSsIF_zMs_YtCpccG44/getUpdates "HTTP/1.1 200 OK"
2026-05-10 20:30:12,384 - httpx - INFO - HTTP Request: POST https://api.telegram.org/bot8733969922:AAGOFd6S-S5uwV2tXSsIF_zMs_YtCpccG44/getUpdates "HTTP/1.1 200 OK"
2026-05-10 20:30:12,725 - httpx - INFO - HTTP Request: POST https://api.telegram.org/bot8733969922:AAGOFd6S-S5uwV2tXSsIF_zMs_YtCpccG44/answerCallbackQuery "HTTP/1.1 200 OK"
2026-05-10 20:30:12,849 - httpx - INFO - HTTP Request: POST https://api.telegram.org/bot8733969922:AAGOFd6S-S5uwV2tXSsIF_zMs_YtCpccG44/editMessageCaption "HTTP/1.1 200 OK"
2026-05-10 20:30:14,129 - httpx - INFO - HTTP Request: POST https://api.telegram.org/bot8733969922:AAGOFd6S-S5uwV2tXSsIF_zMs_YtCpccG44/getUpdates "HTTP/1.1 200 OK"
2026-05-10 20:30:14,283 - httpx - INFO - HTTP Request: POST https://api.telegram.org/bot8733969922:AAGOFd6S-S5uwV2tXSsIF_zMs_YtCpccG44/answerCallbackQuery "HTTP/1.1 200 OK"
2026-05-10 20:30:14,571 - httpx - INFO - HTTP Request: POST https://api.yookassa.ru/v3/payments "HTTP/1.1 200 "
2026-05-10 20:30:14,774 - httpx - INFO - HTTP Request: POST https://api.telegram.org/bot8733969922:AAGOFd6S-S5uwV2tXSsIF_zMs_YtCpccG44/editMessageCaption "HTTP/1.1 200 OK"
2026-05-10 20:30:14,777 - apscheduler.scheduler - INFO - Added job "delayed_pay_menu" to job store "default"
2026-05-10 20:30:16,278 - apscheduler.scheduler - INFO - Removed job b08a6a63a1a54b1ba28cfc85a7234fb7
2026-05-10 20:30:16,278 - apscheduler.executors.default - INFO - Running job "delayed_pay_menu (trigger: date[2026-05-10 15:30:16 UTC], next run at: 2026-05-10 15:30:16 UTC)" (scheduled at 2026-05-10 15:30:16.276636+00:00)
2026-05-10 20:30:16,420 - httpx - INFO - HTTP Request: POST https://api.telegram.org/bot8733969922:AAGOFd6S-S5uwV2tXSsIF_zMs_YtCpccG44/editMessageCaption "HTTP/1.1 200 OK"
2026-05-10 20:30:16,423 - apscheduler.executors.default - INFO - Job "delayed_pay_menu (trigger: date[2026-05-10 15:30:16 UTC], next run at: 2026-05-10 15:30:16 UTC)" executed successfully
2026-05-10 20:30:24,251 - httpx - INFO - HTTP Request: POST https://api.telegram.org/bot8733969922:AAGOFd6S-S5uwV2tXSsIF_zMs_YtCpccG44/getUpdates "HTTP/1.1 200 OK"
2026-05-10 20:30:34,362 - httpx - INFO - HTTP Request: POST https://api.telegram.org/bot8733969922:AAGOFd6S-S5uwV2tXSsIF_zMs_YtCpccG44/getUpdates "HTTP/1.1 200 OK"
2026-05-10 20:30:44,502 - httpx - INFO - HTTP Request: POST https://api.telegram.org/bot8733969922:AAGOFd6S-S5uwV2tXSsIF_zMs_YtCpccG44/getUpdates "HTTP/1.1 200 OK"
2026-05-10 20:30:54,620 - httpx - INFO - HTTP Request: POST https://api.telegram.org/bot8733969922:AAGOFd6S-S5uwV2tXSsIF_zMs_YtCpccG44/getUpdates "HTTP/1.1 200 OK"
2026-05-10 20:31:04,777 - httpx - INFO - HTTP Request: POST https://api.telegram.org/bot8733969922:AAGOFd6S-S5uwV2tXSsIF_zMs_YtCpccG44/getUpdates "HTTP/1.1 200 OK"
2026-05-10 20:31:12,324 - httpx - INFO - HTTP Request: POST https://api.telegram.org/bot8733969922:AAGOFd6S-S5uwV2tXSsIF_zMs_YtCpccG44/getUpdates "HTTP/1.1 200 OK"
2026-05-10 20:31:12,612 - httpx - INFO - HTTP Request: POST https://api.telegram.org/bot8733969922:AAGOFd6S-S5uwV2tXSsIF_zMs_YtCpccG44/answerCallbackQuery "HTTP/1.1 200 OK"
2026-05-10 20:31:12,747 - httpx - INFO - HTTP Request: POST https://api.telegram.org/bot8733969922:AAGOFd6S-S5uwV2tXSsIF_zMs_YtCpccG44/editMessageCaption "HTTP/1.1 200 OK"
2026-05-10 20:31:18,282 - httpx - INFO - HTTP Request: POST https://api.telegram.org/bot8733969922:AAGOFd6S-S5uwV2tXSsIF_zMs_YtCpccG44/getUpdates "HTTP/1.1 200 OK"
2026-05-10 20:31:18,879 - httpx - INFO - HTTP Request: POST https://api.telegram.org/bot8733969922:AAGOFd6S-S5uwV2tXSsIF_zMs_YtCpccG44/answerCallbackQuery "HTTP/1.1 200 OK"
2026-05-10 20:31:19,146 - httpx - INFO - HTTP Request: POST https://api.yookassa.ru/v3/payments "HTTP/1.1 200 "
2026-05-10 20:31:19,265 - httpx - INFO - HTTP Request: POST https://api.telegram.org/bot8733969922:AAGOFd6S-S5uwV2tXSsIF_zMs_YtCpccG44/editMessageCaption "HTTP/1.1 200 OK"
2026-05-10 20:31:19,267 - apscheduler.scheduler - INFO - Added job "delayed_pay_menu" to job store "default"
2026-05-10 20:31:20,768 - apscheduler.scheduler - INFO - Removed job 63e2cfb4a2724130a3b77a8f156c3a53
2026-05-10 20:31:20,768 - apscheduler.executors.default - INFO - Running job "delayed_pay_menu (trigger: date[2026-05-10 15:31:20 UTC], next run at: 2026-05-10 15:31:20 UTC)" (scheduled at 2026-05-10 15:31:20.766680+00:00)
2026-05-10 20:31:20,909 - httpx - INFO - HTTP Request: POST https://api.telegram.org/bot8733969922:AAGOFd6S-S5uwV2tXSsIF_zMs_YtCpccG44/editMessageCaption "HTTP/1.1 200 OK"
2026-05-10 20:31:20,911 - apscheduler.executors.default - INFO - Job "delayed_pay_menu (trigger: date[2026-05-10 15:31:20 UTC], next run at: 2026-05-10 15:31:20 UTC)" executed successfully
2026-05-10 20:31:28,394 - httpx - INFO - HTTP Request: POST https://api.telegram.org/bot8733969922:AAGOFd6S-S5uwV2tXSsIF_zMs_YtCpccG44/getUpdates "HTTP/1.1 200 OK"
2026-05-10 20:31:38,568 - httpx - INFO - HTTP Request: POST https://api.telegram.org/bot8733969922:AAGOFd6S-S5uwV2tXSsIF_zMs_YtCpccG44/getUpdates "HTTP/1.1 200 OK"
2026-05-10 20:31:48,674 - httpx - INFO - HTTP Request: POST https://api.telegram.org/bot8733969922:AAGOFd6S-S5uwV2tXSsIF_zMs_YtCpccG44/getUpdates "HTTP/1.1 200 OK"
2026-05-10 20:31:58,782 - httpx - INFO - HTTP Request: POST https://api.telegram.org/bot8733969922:AAGOFd6S-S5uwV2tXSsIF_zMs_YtCpccG44/getUpdates "HTTP/1.1 200 OK"
2026-05-10 20:32:08,981 - httpx - INFO - HTTP Request: POST https://api.telegram.org/bot8733969922:AAGOFd6S-S5uwV2tXSsIF_zMs_YtCpccG44/getUpdates "HTTP/1.1 200 OK"
2026-05-10 20:32:10,620 - httpx - INFO - HTTP Request: POST https://api.telegram.org/bot8733969922:AAGOFd6S-S5uwV2tXSsIF_zMs_YtCpccG44/getUpdates "HTTP/1.1 200 OK"
2026-05-10 20:32:11,234 - httpx - INFO - HTTP Request: POST https://api.telegram.org/bot8733969922:AAGOFd6S-S5uwV2tXSsIF_zMs_YtCpccG44/answerCallbackQuery "HTTP/1.1 200 OK"
2026-05-10 20:32:11,349 - httpx - INFO - HTTP Request: POST https://api.telegram.org/bot8733969922:AAGOFd6S-S5uwV2tXSsIF_zMs_YtCpccG44/editMessageCaption "HTTP/1.1 200 OK"
2026-05-10 20:32:12,399 - httpx - INFO - HTTP Request: POST https://api.telegram.org/bot8733969922:AAGOFd6S-S5uwV2tXSsIF_zMs_YtCpccG44/getUpdates "HTTP/1.1 200 OK"
2026-05-10 20:32:12,506 - httpx - INFO - HTTP Request: POST https://api.telegram.org/bot8733969922:AAGOFd6S-S5uwV2tXSsIF_zMs_YtCpccG44/answerCallbackQuery "HTTP/1.1 200 OK"
2026-05-10 20:32:12,621 - httpx - INFO - HTTP Request: POST https://api.telegram.org/bot8733969922:AAGOFd6S-S5uwV2tXSsIF_zMs_YtCpccG44/editMessageCaption "HTTP/1.1 200 OK"
2026-05-10 20:32:14,069 - httpx - INFO - HTTP Request: POST https://api.telegram.org/bot8733969922:AAGOFd6S-S5uwV2tXSsIF_zMs_YtCpccG44/getUpdates "HTTP/1.1 200 OK"
2026-05-10 20:32:14,175 - httpx - INFO - HTTP Request: POST https://api.telegram.org/bot8733969922:AAGOFd6S-S5uwV2tXSsIF_zMs_YtCpccG44/answerCallbackQuery "HTTP/1.1 200 OK"
2026-05-10 20:32:14,292 - httpx - INFO - HTTP Request: POST https://api.telegram.org/bot8733969922:AAGOFd6S-S5uwV2tXSsIF_zMs_YtCpccG44/editMessageCaption "HTTP/1.1 200 OK"
2026-05-10 20:32:24,183 - httpx - INFO - HTTP Request: POST https://api.telegram.org/bot8733969922:AAGOFd6S-S5uwV2tXSsIF_zMs_YtCpccG44/getUpdates "HTTP/1.1 200 OK"
2026-05-10 20:32:34,318 - httpx - INFO - HTTP Request: POST https://api.telegram.org/bot8733969922:AAGOFd6S-S5uwV2tXSsIF_zMs_YtCpccG44/getUpdates "HTTP/1.1 200 OK"
2026-05-10 20:32:44,430 - httpx - INFO - HTTP Request: POST https://api.telegram.org/bot8733969922:AAGOFd6S-S5uwV2tXSsIF_zMs_YtCpccG44/getUpdates "HTTP/1.1 200 OK"
2026-05-10 20:32:54,555 - httpx - INFO - HTTP Request: POST https://api.telegram.org/bot8733969922:AAGOFd6S-S5uwV2tXSsIF_zMs_YtCpccG44/getUpdates "HTTP/1.1 200 OK"
2026-05-10 20:33:04,705 - httpx - INFO - HTTP Request: POST https://api.telegram.org/bot8733969922:AAGOFd6S-S5uwV2tXSsIF_zMs_YtCpccG44/getUpdates "HTTP/1.1 200 OK"
2026-05-10 20:33:14,819 - httpx - INFO - HTTP Request: POST https://api.telegram.org/bot8733969922:AAGOFd6S-S5uwV2tXSsIF_zMs_YtCpccG44/getUpdates "HTTP/1.1 200 OK"
2026-05-10 20:33:24,930 - httpx - INFO - HTTP Request: POST https://api.telegram.org/bot8733969922:AAGOFd6S-S5uwV2tXSsIF_zMs_YtCpccG44/getUpdates "HTTP/1.1 200 OK"
2026-05-10 20:33:35,103 - httpx - INFO - HTTP Request: POST https://api.telegram.org/bot8733969922:AAGOFd6S-S5uwV2tXSsIF_zMs_YtCpccG44/getUpdates "HTTP/1.1 200 OK"
2026-05-10 20:33:45,220 - httpx - INFO - HTTP Request: POST https://api.telegram.org/bot8733969922:AAGOFd6S-S5uwV2tXSsIF_zMs_YtCpccG44/getUpdates "HTTP/1.1 200 OK"
2026-05-10 20:33:55,327 - httpx - INFO - HTTP Request: POST https://api.telegram.org/bot8733969922:AAGOFd6S-S5uwV2tXSsIF_zMs_YtCpccG44/getUpdates "HTTP/1.1 200 OK"
2026-05-10 20:33:58,301 - httpx - INFO - HTTP Request: POST https://api.telegram.org/bot8733969922:AAGOFd6S-S5uwV2tXSsIF_zMs_YtCpccG44/getUpdates "HTTP/1.1 200 OK"
2026-05-10 20:34:03,263 - httpx - INFO - HTTP Request: POST https://api.telegram.org/bot8733969922:AAGOFd6S-S5uwV2tXSsIF_zMs_YtCpccG44/getUpdates "HTTP/1.1 200 OK"
2026-05-10 20:34:04,314 - httpx - INFO - HTTP Request: POST https://api.telegram.org/bot8733969922:AAGOFd6S-S5uwV2tXSsIF_zMs_YtCpccG44/answerCallbackQuery "HTTP/1.1 200 OK"
2026-05-10 20:34:04,558 - httpx - INFO - HTTP Request: POST https://api.yookassa.ru/v3/payments "HTTP/1.1 200 "
2026-05-10 20:34:04,699 - httpx - INFO - HTTP Request: POST https://api.telegram.org/bot8733969922:AAGOFd6S-S5uwV2tXSsIF_zMs_YtCpccG44/editMessageCaption "HTTP/1.1 200 OK"
2026-05-10 20:34:04,702 - apscheduler.scheduler - INFO - Added job "delayed_pay_menu" to job store "default"
2026-05-10 20:34:04,832 - httpx - INFO - HTTP Request: POST https://api.telegram.org/bot8733969922:AAGOFd6S-S5uwV2tXSsIF_zMs_YtCpccG44/answerCallbackQuery "HTTP/1.1 200 OK"
2026-05-10 20:34:05,034 - httpx - INFO - HTTP Request: POST https://api.yookassa.ru/v3/payments "HTTP/1.1 200 "
2026-05-10 20:34:05,169 - httpx - INFO - HTTP Request: POST https://api.telegram.org/bot8733969922:AAGOFd6S-S5uwV2tXSsIF_zMs_YtCpccG44/editMessageCaption "HTTP/1.1 200 OK"
2026-05-10 20:34:05,171 - apscheduler.scheduler - INFO - Added job "delayed_pay_menu" to job store "default"
2026-05-10 20:34:06,203 - apscheduler.scheduler - INFO - Removed job 5e41095a507548d4a6813113adedb353
2026-05-10 20:34:06,204 - apscheduler.executors.default - INFO - Running job "delayed_pay_menu (trigger: date[2026-05-10 15:34:06 UTC], next run at: 2026-05-10 15:34:06 UTC)" (scheduled at 2026-05-10 15:34:06.201664+00:00)
2026-05-10 20:34:06,343 - httpx - INFO - HTTP Request: POST https://api.telegram.org/bot8733969922:AAGOFd6S-S5uwV2tXSsIF_zMs_YtCpccG44/editMessageCaption "HTTP/1.1 200 OK"
2026-05-10 20:34:06,345 - apscheduler.executors.default - INFO - Job "delayed_pay_menu (trigger: date[2026-05-10 15:34:06 UTC], next run at: 2026-05-10 15:34:06 UTC)" executed successfully
2026-05-10 20:34:06,672 - apscheduler.scheduler - INFO - Removed job 97df626dfdf14aa8a2bc292d6f724be5
2026-05-10 20:34:06,673 - apscheduler.executors.default - INFO - Running job "delayed_pay_menu (trigger: date[2026-05-10 15:34:06 UTC], next run at: 2026-05-10 15:34:06 UTC)" (scheduled at 2026-05-10 15:34:06.670861+00:00)
2026-05-10 20:34:06,804 - httpx - INFO - HTTP Request: POST https://api.telegram.org/bot8733969922:AAGOFd6S-S5uwV2tXSsIF_zMs_YtCpccG44/editMessageCaption "HTTP/1.1 200 OK"
2026-05-10 20:34:06,808 - apscheduler.executors.default - INFO - Job "delayed_pay_menu (trigger: date[2026-05-10 15:34:06 UTC], next run at: 2026-05-10 15:34:06 UTC)" executed successfully
2026-05-10 20:34:13,378 - httpx - INFO - HTTP Request: POST https://api.telegram.org/bot8733969922:AAGOFd6S-S5uwV2tXSsIF_zMs_YtCpccG44/getUpdates "HTTP/1.1 200 OK"
2026-05-10 20:34:23,507 - httpx - INFO - HTTP Request: POST https://api.telegram.org/bot8733969922:AAGOFd6S-S5uwV2tXSsIF_zMs_YtCpccG44/getUpdates "HTTP/1.1 200 OK"
2026-05-10 20:34:33,636 - httpx - INFO - HTTP Request: POST https://api.telegram.org/bot8733969922:AAGOFd6S-S5uwV2tXSsIF_zMs_YtCpccG44/getUpdates "HTTP/1.1 200 OK"
2026-05-10 20:34:37,799 - httpx - INFO - HTTP Request: POST https://api.telegram.org/bot8733969922:AAGOFd6S-S5uwV2tXSsIF_zMs_YtCpccG44/getUpdates "HTTP/1.1 200 OK"
2026-05-10 20:34:38,388 - httpx - INFO - HTTP Request: POST https://api.telegram.org/bot8733969922:AAGOFd6S-S5uwV2tXSsIF_zMs_YtCpccG44/answerCallbackQuery "HTTP/1.1 200 OK"
2026-05-10 20:34:38,514 - httpx - INFO - HTTP Request: POST https://api.telegram.org/bot8733969922:AAGOFd6S-S5uwV2tXSsIF_zMs_YtCpccG44/editMessageCaption "HTTP/1.1 200 OK"
2026-05-10 20:34:40,569 - httpx - INFO - HTTP Request: POST https://api.telegram.org/bot8733969922:AAGOFd6S-S5uwV2tXSsIF_zMs_YtCpccG44/getUpdates "HTTP/1.1 200 OK"
2026-05-10 20:34:40,695 - httpx - INFO - HTTP Request: POST https://api.telegram.org/bot8733969922:AAGOFd6S-S5uwV2tXSsIF_zMs_YtCpccG44/answerCallbackQuery "HTTP/1.1 200 OK"
2026-05-10 20:34:40,894 - httpx - INFO - HTTP Request: POST https://api.yookassa.ru/v3/payments "HTTP/1.1 200 "
2026-05-10 20:34:41,029 - httpx - INFO - HTTP Request: POST https://api.telegram.org/bot8733969922:AAGOFd6S-S5uwV2tXSsIF_zMs_YtCpccG44/editMessageCaption "HTTP/1.1 200 OK"
2026-05-10 20:34:41,032 - apscheduler.scheduler - INFO - Added job "delayed_pay_menu" to job store "default"
2026-05-10 20:34:42,532 - apscheduler.scheduler - INFO - Removed job ef40a1be6170407bbe12b58fc242a8a6
2026-05-10 20:34:42,533 - apscheduler.executors.default - INFO - Running job "delayed_pay_menu (trigger: date[2026-05-10 15:34:42 UTC], next run at: 2026-05-10 15:34:42 UTC)" (scheduled at 2026-05-10 15:34:42.531147+00:00)
2026-05-10 20:34:42,675 - httpx - INFO - HTTP Request: POST https://api.telegram.org/bot8733969922:AAGOFd6S-S5uwV2tXSsIF_zMs_YtCpccG44/editMessageCaption "HTTP/1.1 200 OK"
2026-05-10 20:34:42,677 - apscheduler.executors.default - INFO - Job "delayed_pay_menu (trigger: date[2026-05-10 15:34:42 UTC], next run at: 2026-05-10 15:34:42 UTC)" executed successfully
2026-05-10 20:34:50,696 - httpx - INFO - HTTP Request: POST https://api.telegram.org/bot8733969922:AAGOFd6S-S5uwV2tXSsIF_zMs_YtCpccG44/getUpdates "HTTP/1.1 200 OK"
2026-05-10 20:35:01,204 - httpx - INFO - HTTP Request: POST https://api.telegram.org/bot8733969922:AAGOFd6S-S5uwV2tXSsIF_zMs_YtCpccG44/getUpdates "HTTP/1.1 200 OK"
2026-05-10 20:35:11,321 - httpx - INFO - HTTP Request: POST https://api.telegram.org/bot8733969922:AAGOFd6S-S5uwV2tXSsIF_zMs_YtCpccG44/getUpdates "HTTP/1.1 200 OK"
2026-05-10 20:35:21,494 - httpx - INFO - HTTP Request: POST https://api.telegram.org/bot8733969922:AAGOFd6S-S5uwV2tXSsIF_zMs_YtCpccG44/getUpdates "HTTP/1.1 200 OK"
2026-05-10 20:35:31,600 - httpx - INFO - HTTP Request: POST https://api.telegram.org/bot8733969922:AAGOFd6S-S5uwV2tXSsIF_zMs_YtCpccG44/getUpdates "HTTP/1.1 200 OK"
2026-05-10 20:35:41,770 - httpx - INFO - HTTP Request: POST https://api.telegram.org/bot8733969922:AAGOFd6S-S5uwV2tXSsIF_zMs_YtCpccG44/getUpdates "HTTP/1.1 200 OK"
2026-05-10 20:35:51,882 - httpx - INFO - HTTP Request: POST https://api.telegram.org/bot8733969922:AAGOFd6S-S5uwV2tXSsIF_zMs_YtCpccG44/getUpdates "HTTP/1.1 200 OK"
2026-05-10 20:36:01,992 - httpx - INFO - HTTP Request: POST https://api.telegram.org/bot8733969922:AAGOFd6S-S5uwV2tXSsIF_zMs_YtCpccG44/getUpdates "HTTP/1.1 200 OK"
2026-05-10 20:36:12,186 - httpx - INFO - HTTP Request: POST https://api.telegram.org/bot8733969922:AAGOFd6S-S5uwV2tXSsIF_zMs_YtCpccG44/getUpdates "HTTP/1.1 200 OK"
2026-05-10 20:36:22,297 - httpx - INFO - HTTP Request: POST https://api.telegram.org/bot8733969922:AAGOFd6S-S5uwV2tXSsIF_zMs_YtCpccG44/getUpdates "HTTP/1.1 200 OK"
2026-05-10 20:36:32,419 - httpx - INFO - HTTP Request: POST https://api.telegram.org/bot8733969922:AAGOFd6S-S5uwV2tXSsIF_zMs_YtCpccG44/getUpdates "HTTP/1.1 200 OK"
2026-05-10 20:36:42,528 - httpx - INFO - HTTP Request: POST https://api.telegram.org/bot8733969922:AAGOFd6S-S5uwV2tXSsIF_zMs_YtCpccG44/getUpdates "HTTP/1.1 200 OK"
2026-05-10 20:36:52,643 - httpx - INFO - HTTP Request: POST https://api.telegram.org/bot8733969922:AAGOFd6S-S5uwV2tXSsIF_zMs_YtCpccG44/getUpdates "HTTP/1.1 200 OK"
2026-05-10 20:37:02,766 - httpx - INFO - HTTP Request: POST https://api.telegram.org/bot8733969922:AAGOFd6S-S5uwV2tXSsIF_zMs_YtCpccG44/getUpdates "HTTP/1.1 200 OK"
2026-05-10 20:37:12,880 - httpx - INFO - HTTP Request: POST https://api.telegram.org/bot8733969922:AAGOFd6S-S5uwV2tXSsIF_zMs_YtCpccG44/getUpdates "HTTP/1.1 200 OK"
2026-05-10 20:37:22,998 - httpx - INFO - HTTP Request: POST https://api.telegram.org/bot8733969922:AAGOFd6S-S5uwV2tXSsIF_zMs_YtCpccG44/getUpdates "HTTP/1.1 200 OK"
2026-05-10 20:37:33,120 - httpx - INFO - HTTP Request: POST https://api.telegram.org/bot8733969922:AAGOFd6S-S5uwV2tXSsIF_zMs_YtCpccG44/getUpdates "HTTP/1.1 200 OK"
2026-05-10 20:37:43,228 - httpx - INFO - HTTP Request: POST https://api.telegram.org/bot8733969922:AAGOFd6S-S5uwV2tXSsIF_zMs_YtCpccG44/getUpdates "HTTP/1.1 200 OK"
2026-05-10 20:37:53,334 - httpx - INFO - HTTP Request: POST https://api.telegram.org/bot8733969922:AAGOFd6S-S5uwV2tXSsIF_zMs_YtCpccG44/getUpdates "HTTP/1.1 200 OK"
2026-05-10 20:38:03,443 - httpx - INFO - HTTP Request: POST https://api.telegram.org/bot8733969922:AAGOFd6S-S5uwV2tXSsIF_zMs_YtCpccG44/getUpdates "HTTP/1.1 200 OK"
2026-05-10 20:38:13,551 - httpx - INFO - HTTP Request: POST https://api.telegram.org/bot8733969922:AAGOFd6S-S5uwV2tXSsIF_zMs_YtCpccG44/getUpdates "HTTP/1.1 200 OK"
2026-05-10 20:38:23,666 - httpx - INFO - HTTP Request: POST https://api.telegram.org/bot8733969922:AAGOFd6S-S5uwV2tXSsIF_zMs_YtCpccG44/getUpdates "HTTP/1.1 200 OK"
2026-05-10 20:38:27,909 - httpx - INFO - HTTP Request: POST https://api.telegram.org/bot8733969922:AAGOFd6S-S5uwV2tXSsIF_zMs_YtCpccG44/getUpdates "HTTP/1.1 200 OK"
2026-05-10 20:38:27,909 - telegram.ext.Application - INFO - Application is stopping. This might take a moment.
2026-05-10 20:38:27,910 - apscheduler.scheduler - INFO - Scheduler has been shut down
2026-05-10 20:38:27,921 - telegram.ext.Application - INFO - Application.stop() complete
Bot started [VERSION 1.1]...
